{
  "schema_version": 1,
  "method": "frozen_csa_candidate_paired_validation",
  "case_id": "G08_51df94767836_Memory_Leak",
  "commit_id": "51df947678360faf1967fe0bd1a40c681f634104",
  "candidate_path": "/artifact/work/artifacts/fse_revision/e4_repeat12_gpt6luna_high_recovery_rep03/G08_51df94767836_Memory_Leak/attempt-01/SAGenTestChecker.cpp",
  "candidate_sha256": "afcda37bc43761cca3658ba4a3a6323b29b02f10aa78e759fcf30ce600c14b3f",
  "patch_sha256": "821a6a7a8ba1c3dc037cc9a4ee3285e5a708583539883440af637036e35bd6c2",
  "runtime_tools": {
    "git": "/usr/bin/git",
    "cmake": "/usr/bin/cmake",
    "ninja": "/usr/bin/ninja",
    "make": "/usr/bin/make",
    "clang": "/usr/lib/llvm-18/bin/clang",
    "clang++": "/usr/lib/llvm-18/bin/clang++",
    "scan-build-18": "/usr/bin/scan-build-18"
  },
  "artifact_review": {
    "findings": [],
    "warnings": [],
    "passed": true
  },
  "review_policy": "diagnostic",
  "pds_behavior": false,
  "adoptable_with_review_gate": false,
  "build_return_code": 0,
  "build_stderr_tail": "",
  "vulnerable_object_counts": {
    "drivers/net/ethernet/marvell/octeontx2/nic/rep.o": 2
  },
  "fixed_object_counts": {
    "drivers/net/ethernet/marvell/octeontx2/nic/rep.o": 2
  },
  "vulnerable_alerts": 2,
  "fixed_alerts": 2,
  "vulnerable_hit": true,
  "fixed_silent": false,
  "execution_valid": true,
  "pds": false,
  "infrastructure_errors": [],
  "scan_failure_artifacts": [],
  "preflight_hazards": [],
  "scan_failure_kind": "",
  "early_abort_reason": "",
  "new_llm_calls": 0,
  "scan_build_compatibility": {
    "schema_version": 1,
    "fix": "preserve_mllvm_option_and_operand_in_CompileOptionMap",
    "original_ccc_sha256": "66eef2940988b16c30009eeb54a4fc2333a48ecab4a63f1da9a3782375edd100",
    "patched_ccc_sha256": "4e6b94848d4360338f684a14ff6699863138aaa0b6a71cfe5646db04d919bcb3",
    "compiler_arguments_removed": []
  }
}
