-- Could NOT find LibEdit (missing: LibEdit_INCLUDE_DIRS LibEdit_LIBRARIES) 
-- Could NOT find CURL (missing: CURL_LIBRARY CURL_INCLUDE_DIR) 
-- Could NOT find LibEdit (missing: LibEdit_INCLUDE_DIRS LibEdit_LIBRARIES) 
-- Could NOT find CURL (missing: CURL_LIBRARY CURL_INCLUDE_DIR) 
-- Configuring done (0.1s)
-- Generating done (0.0s)
-- Build files have been written to: /work/artifacts/fse_revision/generate_only_knighter_gpt6luna_high_v8_backend/G31_d313eb8b7755_Uninit_Data/cmake-build
[1/2] Building CXX object CMakeFiles/SAGenTestPlugin.dir/work/artifacts/fse_revision/generate_only_knighter_gpt6luna_high_v8_backend/G31_d313eb8b7755_Uninit_Data/source/SAGenTestChecker.cpp.o
FAILED: CMakeFiles/SAGenTestPlugin.dir/work/artifacts/fse_revision/generate_only_knighter_gpt6luna_high_v8_backend/G31_d313eb8b7755_Uninit_Data/source/SAGenTestChecker.cpp.o 
/usr/lib/llvm-18/bin/clang++ -DSAGenTestPlugin_EXPORTS -D_GNU_SOURCE -D__STDC_CONSTANT_MACROS -D__STDC_FORMAT_MACROS -D__STDC_LIMIT_MACROS -I/usr/lib/llvm-18/include -I/work/artifacts/fse_revision/generate_only_knighter_gpt6luna_high_v8_backend/G31_d313eb8b7755_Uninit_Data/cmake-build/generated-include -fPIC -MD -MT CMakeFiles/SAGenTestPlugin.dir/work/artifacts/fse_revision/generate_only_knighter_gpt6luna_high_v8_backend/G31_d313eb8b7755_Uninit_Data/source/SAGenTestChecker.cpp.o -MF CMakeFiles/SAGenTestPlugin.dir/work/artifacts/fse_revision/generate_only_knighter_gpt6luna_high_v8_backend/G31_d313eb8b7755_Uninit_Data/source/SAGenTestChecker.cpp.o.d -o CMakeFiles/SAGenTestPlugin.dir/work/artifacts/fse_revision/generate_only_knighter_gpt6luna_high_v8_backend/G31_d313eb8b7755_Uninit_Data/source/SAGenTestChecker.cpp.o -c /work/artifacts/fse_revision/generate_only_knighter_gpt6luna_high_v8_backend/G31_d313eb8b7755_Uninit_Data/source/SAGenTestChecker.cpp
/work/artifacts/fse_revision/generate_only_knighter_gpt6luna_high_v8_backend/G31_d313eb8b7755_Uninit_Data/source/SAGenTestChecker.cpp:166:41: error: member access into incomplete type 'const ASTRecordLayout'
  166 |   const uint64_t RecordSizeBits = Layout.getSize().getQuantity() *
      |                                         ^
/usr/lib/llvm-18/include/clang/AST/ASTContext.h:57:7: note: forward declaration of 'clang::ASTRecordLayout'
   57 | class ASTRecordLayout;
      |       ^
/work/artifacts/fse_revision/generate_only_knighter_gpt6luna_high_v8_backend/G31_d313eb8b7755_Uninit_Data/source/SAGenTestChecker.cpp:175:28: error: member access into incomplete type 'const ASTRecordLayout'
  175 |     uint64_t Start = Layout.getFieldOffset(Field->getFieldIndex());
      |                            ^
/usr/lib/llvm-18/include/clang/AST/ASTContext.h:57:7: note: forward declaration of 'clang::ASTRecordLayout'
   57 | class ASTRecordLayout;
      |       ^
2 errors generated.
ninja: build stopped: subcommand failed.
