-- Could NOT find LibEdit (missing: LibEdit_INCLUDE_DIRS LibEdit_LIBRARIES) 
-- Could NOT find CURL (missing: CURL_LIBRARY CURL_INCLUDE_DIR) 
-- Could NOT find LibEdit (missing: LibEdit_INCLUDE_DIRS LibEdit_LIBRARIES) 
-- Could NOT find CURL (missing: CURL_LIBRARY CURL_INCLUDE_DIR) 
-- Configuring done (0.1s)
-- Generating done (0.0s)
-- Build files have been written to: /work/artifacts/fse_revision/repeats_v7/rep02/knighter_backend/08_768f17fd25e4_Integer_Overflow/cmake-build
[1/2] Building CXX object CMakeFiles/SAGenTestPlugin.dir/work/artifacts/fse_revision/repeats_v7/rep02/knighter_backend/08_768f17fd25e4_Integer_Overflow/source/SAGenTestChecker.cpp.o
FAILED: CMakeFiles/SAGenTestPlugin.dir/work/artifacts/fse_revision/repeats_v7/rep02/knighter_backend/08_768f17fd25e4_Integer_Overflow/source/SAGenTestChecker.cpp.o 
/usr/lib/llvm-18/bin/clang++ -DSAGenTestPlugin_EXPORTS -D_GNU_SOURCE -D__STDC_CONSTANT_MACROS -D__STDC_FORMAT_MACROS -D__STDC_LIMIT_MACROS -I/usr/lib/llvm-18/include -I/work/artifacts/fse_revision/repeats_v7/rep02/knighter_backend/08_768f17fd25e4_Integer_Overflow/cmake-build/generated-include -fPIC -MD -MT CMakeFiles/SAGenTestPlugin.dir/work/artifacts/fse_revision/repeats_v7/rep02/knighter_backend/08_768f17fd25e4_Integer_Overflow/source/SAGenTestChecker.cpp.o -MF CMakeFiles/SAGenTestPlugin.dir/work/artifacts/fse_revision/repeats_v7/rep02/knighter_backend/08_768f17fd25e4_Integer_Overflow/source/SAGenTestChecker.cpp.o.d -o CMakeFiles/SAGenTestPlugin.dir/work/artifacts/fse_revision/repeats_v7/rep02/knighter_backend/08_768f17fd25e4_Integer_Overflow/source/SAGenTestChecker.cpp.o -c /work/artifacts/fse_revision/repeats_v7/rep02/knighter_backend/08_768f17fd25e4_Integer_Overflow/source/SAGenTestChecker.cpp
/work/artifacts/fse_revision/repeats_v7/rep02/knighter_backend/08_768f17fd25e4_Integer_Overflow/source/SAGenTestChecker.cpp:27:1: error: class template specialization of 'ProgramStateTrait' not in a namespace enclosing 'ento'
   27 | REGISTER_SET_WITH_PROGRAMSTATE(ReportedNarrowWideShifts,
      | ^
/usr/lib/llvm-18/include/clang/StaticAnalyzer/Core/PathSensitive/ProgramStateTrait.h:113:5: note: expanded from macro 'REGISTER_SET_WITH_PROGRAMSTATE'
  113 |     REGISTER_TRAIT_WITH_PROGRAMSTATE(Name, llvm::ImmutableSet<Elem>)
      |     ^
/usr/lib/llvm-18/include/clang/StaticAnalyzer/Core/PathSensitive/ProgramStateTrait.h:42:10: note: expanded from macro 'REGISTER_TRAIT_WITH_PROGRAMSTATE'
   42 |   struct ProgramStateTrait<Name> : public ProgramStatePartialTrait<Name##Ty> { \
      |          ^
/usr/lib/llvm-18/include/clang/StaticAnalyzer/Core/PathSensitive/ProgramState.h:51:30: note: explicitly specialized declaration is here
   51 | template <typename T> struct ProgramStateTrait {
      |                              ^
1 error generated.
ninja: build stopped: subcommand failed.
