-- Could NOT find LibEdit (missing: LibEdit_INCLUDE_DIRS LibEdit_LIBRARIES) 
-- Could NOT find CURL (missing: CURL_LIBRARY CURL_INCLUDE_DIR) 
-- Could NOT find LibEdit (missing: LibEdit_INCLUDE_DIRS LibEdit_LIBRARIES) 
-- Could NOT find CURL (missing: CURL_LIBRARY CURL_INCLUDE_DIR) 
-- Configuring done (0.1s)
-- Generating done (0.0s)
-- Build files have been written to: /artifact/work/artifacts/fse_revision/scanfix_v24_backend_shard1/G08_51df94767836_Memory_Leak/cmake-build
[1/2] Building CXX object CMakeFiles/SAGenTestPlugin.dir/artifact/work/artifacts/fse_revision/scanfix_v24_backend_shard1/G08_51df94767836_Memory_Leak/source/SAGenTestChecker.cpp.o
/artifact/work/artifacts/fse_revision/scanfix_v24_backend_shard1/G08_51df94767836_Memory_Leak/source/SAGenTestChecker.cpp:79:15: warning: function '(anonymous namespace)::SAGenTestChecker::thenContainsFreeOfRegion' has internal linkage but is not defined [-Wundefined-internal]
   79 |   static bool thenContainsFreeOfRegion(const Stmt *Then, ProgramStateRef State,
      |               ^
/artifact/work/artifacts/fse_revision/scanfix_v24_backend_shard1/G08_51df94767836_Memory_Leak/source/SAGenTestChecker.cpp:317:10: note: used here
  317 |     if (!thenContainsFreeOfRegion(Then, State, R, C)) {
      |          ^
/artifact/work/artifacts/fse_revision/scanfix_v24_backend_shard1/G08_51df94767836_Memory_Leak/source/SAGenTestChecker.cpp:72:8: warning: function '(anonymous namespace)::SAGenTestChecker::checkEndFunction' has internal linkage but is not defined [-Wundefined-internal]
   72 |   void checkEndFunction(const ReturnStmt *RS, CheckerContext &C) const;
      |        ^
/usr/lib/llvm-18/include/clang/StaticAnalyzer/Core/Checker.h:257:33: note: used here
  257 |     ((const CHECKER *)checker)->checkEndFunction(RS, C);
      |                                 ^
2 warnings generated.
[2/2] Linking CXX shared module SAGenTestPlugin.so
