-- Could NOT find LibEdit (missing: LibEdit_INCLUDE_DIRS LibEdit_LIBRARIES) 
-- Could NOT find CURL (missing: CURL_LIBRARY CURL_INCLUDE_DIR) 
-- Could NOT find LibEdit (missing: LibEdit_INCLUDE_DIRS LibEdit_LIBRARIES) 
-- Could NOT find CURL (missing: CURL_LIBRARY CURL_INCLUDE_DIR) 
-- Configuring done (0.1s)
-- Generating done (0.0s)
-- Build files have been written to: /artifact/work/artifacts/fse_revision/scanfix_v24_backend_shard1/G08_51df94767836_Memory_Leak/cmake-build
[1/2] Building CXX object CMakeFiles/SAGenTestPlugin.dir/artifact/work/artifacts/fse_revision/scanfix_v24_backend_shard1/G08_51df94767836_Memory_Leak/source/SAGenTestChecker.cpp.o
/artifact/work/artifacts/fse_revision/scanfix_v24_backend_shard1/G08_51df94767836_Memory_Leak/source/SAGenTestChecker.cpp:345:12: warning: 'startswith' is deprecated: Use starts_with instead [-Wdeprecated-declarations]
  345 |   if (LRef.startswith("err") || LRef.startswith("error") || LRef.startswith("out"))
      |            ^~~~~~~~~~
      |            starts_with
/usr/lib/llvm-18/include/llvm/ADT/StringRef.h:261:19: note: 'startswith' has been explicitly marked deprecated here
  261 |     [[nodiscard]] LLVM_DEPRECATED(
      |                   ^
/usr/lib/llvm-18/include/llvm/Support/Compiler.h:155:50: note: expanded from macro 'LLVM_DEPRECATED'
  155 | #define LLVM_DEPRECATED(MSG, FIX) __attribute__((deprecated(MSG, FIX)))
      |                                                  ^
/artifact/work/artifacts/fse_revision/scanfix_v24_backend_shard1/G08_51df94767836_Memory_Leak/source/SAGenTestChecker.cpp:345:38: warning: 'startswith' is deprecated: Use starts_with instead [-Wdeprecated-declarations]
  345 |   if (LRef.startswith("err") || LRef.startswith("error") || LRef.startswith("out"))
      |                                      ^~~~~~~~~~
      |                                      starts_with
/usr/lib/llvm-18/include/llvm/ADT/StringRef.h:261:19: note: 'startswith' has been explicitly marked deprecated here
  261 |     [[nodiscard]] LLVM_DEPRECATED(
      |                   ^
/usr/lib/llvm-18/include/llvm/Support/Compiler.h:155:50: note: expanded from macro 'LLVM_DEPRECATED'
  155 | #define LLVM_DEPRECATED(MSG, FIX) __attribute__((deprecated(MSG, FIX)))
      |                                                  ^
/artifact/work/artifacts/fse_revision/scanfix_v24_backend_shard1/G08_51df94767836_Memory_Leak/source/SAGenTestChecker.cpp:345:66: warning: 'startswith' is deprecated: Use starts_with instead [-Wdeprecated-declarations]
  345 |   if (LRef.startswith("err") || LRef.startswith("error") || LRef.startswith("out"))
      |                                                                  ^~~~~~~~~~
      |                                                                  starts_with
/usr/lib/llvm-18/include/llvm/ADT/StringRef.h:261:19: note: 'startswith' has been explicitly marked deprecated here
  261 |     [[nodiscard]] LLVM_DEPRECATED(
      |                   ^
/usr/lib/llvm-18/include/llvm/Support/Compiler.h:155:50: note: expanded from macro 'LLVM_DEPRECATED'
  155 | #define LLVM_DEPRECATED(MSG, FIX) __attribute__((deprecated(MSG, FIX)))
      |                                                  ^
3 warnings generated.
[2/2] Linking CXX shared module SAGenTestPlugin.so
