-- The CXX compiler identification is Clang 18.1.3
-- Detecting CXX compiler ABI info
-- Detecting CXX compiler ABI info - done
-- Check for working CXX compiler: /usr/lib/llvm-18/bin/clang++ - skipped
-- Detecting CXX compile features
-- Detecting CXX compile features - done
-- Performing Test HAVE_FFI_CALL
-- Performing Test HAVE_FFI_CALL - Success
-- Found FFI: /usr/lib/x86_64-linux-gnu/libffi.so  
-- Could NOT find LibEdit (missing: LibEdit_INCLUDE_DIRS LibEdit_LIBRARIES) 
-- Performing Test Terminfo_LINKABLE
-- Performing Test Terminfo_LINKABLE - Success
-- Found Terminfo: /usr/lib/x86_64-linux-gnu/libtinfo.so  
-- Found ZLIB: /usr/lib/x86_64-linux-gnu/libz.so (found version "1.3")  
-- Found zstd: /usr/lib/x86_64-linux-gnu/libzstd.so  
-- Found LibXml2: /usr/lib/x86_64-linux-gnu/libxml2.so (found version "2.9.14") 
-- Could NOT find CURL (missing: CURL_LIBRARY CURL_INCLUDE_DIR) 
-- Could NOT find LibEdit (missing: LibEdit_INCLUDE_DIRS LibEdit_LIBRARIES) 
-- Could NOT find CURL (missing: CURL_LIBRARY CURL_INCLUDE_DIR) 
-- Configuring done (1.2s)
-- Generating done (0.0s)
-- Build files have been written to: /artifact/work/artifacts/fse_revision/scanfix_v24_backend_shard0/G25_b1ba8bcb2d1f_Null_Pointer_Dereference/cmake-build
[1/3] Building CXX object CMakeFiles/SAGenTestPlugin.dir/artifact/work/SemWeaver-v24/experiments/knighter/baseline/llvm_utils/utility.cpp.o
[2/3] Building CXX object CMakeFiles/SAGenTestPlugin.dir/artifact/work/artifacts/fse_revision/scanfix_v24_backend_shard0/G25_b1ba8bcb2d1f_Null_Pointer_Dereference/source/SAGenTestChecker.cpp.o
/artifact/work/artifacts/fse_revision/scanfix_v24_backend_shard0/G25_b1ba8bcb2d1f_Null_Pointer_Dereference/source/SAGenTestChecker.cpp:76:16: warning: function '(anonymous namespace)::SAGenTestChecker::findUncheckedDerefIn' has internal linkage but is not defined [-Wundefined-internal]
   76 |    const Expr *findUncheckedDerefIn(const Stmt *S, CheckerContext &C) const;
      |                ^
/artifact/work/artifacts/fse_revision/scanfix_v24_backend_shard0/G25_b1ba8bcb2d1f_Null_Pointer_Dereference/source/SAGenTestChecker.cpp:447:28: note: used here
  447 |   if (const Expr *DerefE = findUncheckedDerefIn(CondE, C)) {
      |                            ^
1 warning generated.
[3/3] Linking CXX shared module SAGenTestPlugin.so
