-- The CXX compiler identification is Clang 18.1.3
-- Detecting CXX compiler ABI info
-- Detecting CXX compiler ABI info - done
-- Check for working CXX compiler: /usr/lib/llvm-18/bin/clang++ - skipped
-- Detecting CXX compile features
-- Detecting CXX compile features - done
-- Performing Test HAVE_FFI_CALL
-- Performing Test HAVE_FFI_CALL - Success
-- Found FFI: /usr/lib/x86_64-linux-gnu/libffi.so  
-- Could NOT find LibEdit (missing: LibEdit_INCLUDE_DIRS LibEdit_LIBRARIES) 
-- Performing Test Terminfo_LINKABLE
-- Performing Test Terminfo_LINKABLE - Success
-- Found Terminfo: /usr/lib/x86_64-linux-gnu/libtinfo.so  
-- Found ZLIB: /usr/lib/x86_64-linux-gnu/libz.so (found version "1.3")  
-- Found zstd: /usr/lib/x86_64-linux-gnu/libzstd.so  
-- Found LibXml2: /usr/lib/x86_64-linux-gnu/libxml2.so (found version "2.9.14") 
-- Could NOT find CURL (missing: CURL_LIBRARY CURL_INCLUDE_DIR) 
-- Could NOT find LibEdit (missing: LibEdit_INCLUDE_DIRS LibEdit_LIBRARIES) 
-- Could NOT find CURL (missing: CURL_LIBRARY CURL_INCLUDE_DIR) 
-- Configuring done (1.4s)
-- Generating done (0.0s)
-- Build files have been written to: /artifact/work/artifacts/fse_revision/scanfix_v24_backend_shard2/G01_0f8ca019544a_Buffer_Overflow/cmake-build
[1/3] Building CXX object CMakeFiles/SAGenTestPlugin.dir/artifact/work/SemWeaver-v24/experiments/knighter/baseline/llvm_utils/utility.cpp.o
[2/3] Building CXX object CMakeFiles/SAGenTestPlugin.dir/artifact/work/artifacts/fse_revision/scanfix_v24_backend_shard2/G01_0f8ca019544a_Buffer_Overflow/source/SAGenTestChecker.cpp.o
/artifact/work/artifacts/fse_revision/scanfix_v24_backend_shard2/G01_0f8ca019544a_Buffer_Overflow/source/SAGenTestChecker.cpp:197:50: warning: binding dereferenced null pointer to reference has undefined behavior [-Wnull-dereference]
  197 |   return !EvaluateExprToInt(Bound, BO->getRHS(), *static_cast<CheckerContext *>(nullptr));
      |                                                  ^~~~~~~~~~~~~~~~~~~~~~~~~~~~~~~~~~~~~~~
1 warning generated.
[3/3] Linking CXX shared module SAGenTestPlugin.so
