-- Could NOT find LibEdit (missing: LibEdit_INCLUDE_DIRS LibEdit_LIBRARIES) 
-- Could NOT find CURL (missing: CURL_LIBRARY CURL_INCLUDE_DIR) 
-- Could NOT find LibEdit (missing: LibEdit_INCLUDE_DIRS LibEdit_LIBRARIES) 
-- Could NOT find CURL (missing: CURL_LIBRARY CURL_INCLUDE_DIR) 
-- Configuring done (0.1s)
-- Generating done (0.0s)
-- Build files have been written to: /work/artifacts/fse_revision/generate_only_knighter_gpt6luna_high_v8_backend/G24_aec8e6bf8391_UAF/cmake-build
[1/2] Building CXX object CMakeFiles/SAGenTestPlugin.dir/work/artifacts/fse_revision/generate_only_knighter_gpt6luna_high_v8_backend/G24_aec8e6bf8391_UAF/source/SAGenTestChecker.cpp.o
FAILED: CMakeFiles/SAGenTestPlugin.dir/work/artifacts/fse_revision/generate_only_knighter_gpt6luna_high_v8_backend/G24_aec8e6bf8391_UAF/source/SAGenTestChecker.cpp.o 
/usr/lib/llvm-18/bin/clang++ -DSAGenTestPlugin_EXPORTS -D_GNU_SOURCE -D__STDC_CONSTANT_MACROS -D__STDC_FORMAT_MACROS -D__STDC_LIMIT_MACROS -I/usr/lib/llvm-18/include -I/work/artifacts/fse_revision/generate_only_knighter_gpt6luna_high_v8_backend/G24_aec8e6bf8391_UAF/cmake-build/generated-include -fPIC -MD -MT CMakeFiles/SAGenTestPlugin.dir/work/artifacts/fse_revision/generate_only_knighter_gpt6luna_high_v8_backend/G24_aec8e6bf8391_UAF/source/SAGenTestChecker.cpp.o -MF CMakeFiles/SAGenTestPlugin.dir/work/artifacts/fse_revision/generate_only_knighter_gpt6luna_high_v8_backend/G24_aec8e6bf8391_UAF/source/SAGenTestChecker.cpp.o.d -o CMakeFiles/SAGenTestPlugin.dir/work/artifacts/fse_revision/generate_only_knighter_gpt6luna_high_v8_backend/G24_aec8e6bf8391_UAF/source/SAGenTestChecker.cpp.o -c /work/artifacts/fse_revision/generate_only_knighter_gpt6luna_high_v8_backend/G24_aec8e6bf8391_UAF/source/SAGenTestChecker.cpp
/work/artifacts/fse_revision/generate_only_knighter_gpt6luna_high_v8_backend/G24_aec8e6bf8391_UAF/source/SAGenTestChecker.cpp:345:43: error: no matching member function for call to 'assume'
  345 |     ProgramStateRef NonNullState = State->assume(GuardVal, true);
      |                                    ~~~~~~~^~~~~~
/usr/lib/llvm-18/include/clang/StaticAnalyzer/Core/PathSensitive/ProgramState.h:706:38: note: candidate function not viable: no known conversion from 'SVal' to 'DefinedOrUnknownSVal' for 1st argument
  706 | inline ProgramStateRef ProgramState::assume(DefinedOrUnknownSVal Cond,
      |                                      ^      ~~~~~~~~~~~~~~~~~~~~~~~~~
/usr/lib/llvm-18/include/clang/StaticAnalyzer/Core/PathSensitive/ProgramState.h:716:15: note: candidate function not viable: requires single argument 'Cond', but 2 arguments were provided
  716 | ProgramState::assume(DefinedOrUnknownSVal Cond) const {
      |               ^      ~~~~~~~~~~~~~~~~~~~~~~~~~
/work/artifacts/fse_revision/generate_only_knighter_gpt6luna_high_v8_backend/G24_aec8e6bf8391_UAF/source/SAGenTestChecker.cpp:346:40: error: no matching member function for call to 'assume'
  346 |     ProgramStateRef NullState = State->assume(GuardVal, false);
      |                                 ~~~~~~~^~~~~~
/usr/lib/llvm-18/include/clang/StaticAnalyzer/Core/PathSensitive/ProgramState.h:706:38: note: candidate function not viable: no known conversion from 'SVal' to 'DefinedOrUnknownSVal' for 1st argument
  706 | inline ProgramStateRef ProgramState::assume(DefinedOrUnknownSVal Cond,
      |                                      ^      ~~~~~~~~~~~~~~~~~~~~~~~~~
/usr/lib/llvm-18/include/clang/StaticAnalyzer/Core/PathSensitive/ProgramState.h:716:15: note: candidate function not viable: requires single argument 'Cond', but 2 arguments were provided
  716 | ProgramState::assume(DefinedOrUnknownSVal Cond) const {
      |               ^      ~~~~~~~~~~~~~~~~~~~~~~~~~
2 errors generated.
ninja: build stopped: subcommand failed.
